
> glotrush-front@0.0.0 build
> tsc -b && vite build

src/components/topics/LessonCard.tsx(2,10): error TS6133: 'LessonSummaryResponse' is declared but its value is never read.
src/pages/topics/TopicLessons.tsx(5,32): error TS6133: 'LessonSummaryResponse' is declared but its value is never read.
